
> msme-project@0.1.0 build
> next build

Γû▓ Next.js 16.1.6 (Turbopack)

  Creating an optimized production build ...
node.exe : 
At C:\Users\sumed\AppDa
ta\Roaming\npm\npm.ps1:
24 char:5
+     & "node$exe"  "$b
asedir/node_modules/npm
/bin/npm-cli.js" $args
+     ~~~~~~~~~~~~~~~~~
~~~~~~~~~~~~~~~~~~~~~~~
~~~~~~~~~~~~~~~~~~~~~~
    + CategoryInfo     
         : NotSpecifi  
  ed: (:String) [],    
 RemoteException
    + FullyQualifiedEr 
   rorId : NativeComm  
  andError
 
> Build error occurred
Error: Turbopack build 
failed with 1 errors:
./src/components/layout
/Navbar.tsx:4:10
Ecmascript file had an 
error
[0m [90m 2 |[39m 
[36mimport[39m { 
[33mButton[39m } 
[36mfrom[39m [32m'@/
components/ui/Button'[
39m[33m;[39m
 [90m 3 |[39m 
[36mimport[39m { [33
mMenu[39m[33m,[39m 
[33mX[39m[33m,[39m 
[33mLeaf[39m } 
[36mfrom[39m [32m'lu
cide-react'[39m[33m;
[39m
[31m[1m>[22m[39m[9
0m 4 |[39m 
[36mimport[39m { 
useState } 
[36mfrom[39m [32m're
act'[39m[33m;[39m
 [90m   |[39m        
  [31m[1m^[22m[39m
[31m[1m^[22m[39m[31
m[1m^[22m[39m[31m[
1m^[22m[39m[31m[1m^
[22m[39m[31m[1m^[2
2m[39m[31m[1m^[22m
[39m[31m[1m^[22m[39
m
 [90m 5 |[39m 
[36mimport[39m { 
motion[33m,[39m [33m
AnimatePresence[39m } 
[36mfrom[39m [32m'fr
amer-motion'[39m[33m;
[39m
 [90m 6 |[39m
 [90m 7 |[39m 
[36mexport[39m 
[36mfunction[39m 
[33mNavbar[39m() 
{[0m

You're importing a 
component that needs 
`useState`. This React 
Hook only works in a 
Client Component. To 
fix, mark the file (or 
its parent) with the 
`"use client"` 
directive.

 Learn more: https://ne
xtjs.org/docs/app/api-r
eference/directives/use
-client



Import trace:
  Server Component:
    ./src/components/la
yout/Navbar.tsx
    
./src/app/layout.tsx


    at <unknown> (./src
/components/layout/Navb
ar.tsx:4:10)
